// Jest Snapshot v1, https://goo.gl/fbAQLP

exports[`Loading renders correcly should match the snapshot 1`] = `
<View
  style={
    Array [
      Object {
        "alignItems": "center",
        "flex": 1,
        "height": "110%",
        "justifyContent": "center",
        "position": "absolute",
        "width": "100%",
      },
      Object {
        "backgroundColor": "rgb(242, 242, 242)CC",
      },
    ]
  }
>
  <ActivityIndicator
    animating={true}
    color="#999999"
    hidesWhenStopped={true}
    size="large"
  />
  <Text
    testID="name"
  >
    Hello, undefined!
  </Text>
</View>
`;
