// Jest Snapshot v1, https://goo.gl/fbAQLP

exports[`Hero renders correcly should match the snapshot 1`] = `null`;
